// Jest Snapshot v1, https://goo.gl/fbAQLP

exports[`should render ExpenseListItem correctly 1`] = `
<div>
  <Link
    replace={false}
    to="/edit/0"
  >
    <h3>
      Gum
    </h3>
  </Link>
  <p>
    $1.95
     on 
    December 31st, 1969
  </p>
</div>
`;
